// Jest Snapshot v1, https://goo.gl/fbAQLP

exports[`App renders the title 1`] = `
Array [
  <div
    className="custom-progress"
  >
    <div
      className="custom-progress-bar"
      style={
        Object {
          "width": "0%",
        }
      }
    />
  </div>,
  <div
    className="container"
  >
    <h1>
      Titel p√• verktyget
    </h1>
    <div
      className="row"
    >
      <div
        className="col"
      >
        <h3 />
      </div>
    </div>
    <hr />
    <div
      className="row justify-content-end"
    >
      <div
        className="col-auto prev-next-buttons"
      />
    </div>
  </div>,
]
`;
